// Jest Snapshot v1, https://goo.gl/fbAQLP

exports[`should render 1`] = `
<div
  className="bp3-card bp3-elevation-0 search-input"
>
  <div
    className="bp3-input-group"
  >
    <input
      className="bp3-input"
      style={
        Object {
          "paddingLeft": undefined,
          "paddingRight": undefined,
        }
      }
      type="text"
    />
    <span
      className="bp3-input-action"
    >
      <button
        className="bp3-button bp3-minimal"
        onKeyDown={[Function]}
        onKeyUp={[Function]}
        type="button"
      >
        <span
          className="bp3-icon bp3-icon-small-cross"
          icon="small-cross"
        >
          <svg
            data-icon="small-cross"
            height={16}
            viewBox="0 0 16 16"
            width={16}
          >
            <desc>
              small-cross
            </desc>
            <path
              d="M9.41 8l2.29-2.29c.19-.18.3-.43.3-.71a1.003 1.003 0 00-1.71-.71L8 6.59l-2.29-2.3a1.003 1.003 0 00-1.42 1.42L6.59 8 4.3 10.29c-.19.18-.3.43-.3.71a1.003 1.003 0 001.71.71L8 9.41l2.29 2.29c.18.19.43.3.71.3a1.003 1.003 0 00.71-1.71L9.41 8z"
              fillRule="evenodd"
            />
          </svg>
        </span>
      </button>
    </span>
  </div>
</div>
`;
