// Jest Snapshot v1, https://goo.gl/fbAQLP

exports[`should render 1`] = `
<span
  className="bp3-popover-wrapper"
>
  <span
    className="bp3-popover-target"
    onBlur={[Function]}
    onFocus={[Function]}
    onMouseEnter={[Function]}
    onMouseLeave={[Function]}
  >
    <span
      className="bp3-popover-wrapper popoverPos"
    >
      <span
        className="bp3-popover-target"
        onClick={[Function]}
      >
        <button
          aria-label="Print to PDF"
          className="mapboxgl-ctrl-icon"
          type="button"
        >
          <span
            className="bp3-icon bp3-icon-print"
            icon="print"
          >
            <svg
              data-icon="print"
              height={16}
              viewBox="0 0 16 16"
              width={16}
            >
              <desc>
                print
              </desc>
              <path
                d="M12 2.02c0-.55-.45-1-1-1H5c-.55 0-1 .45-1 1v1h8v-1zm3 2H1c-.55 0-1 .45-1 1v6c0 .55.45 1 1 1h1v-3h12v3h1c.55 0 1-.45 1-1v-6c0-.56-.45-1-1-1zm-1 3h-2v-1h2v1zm-3 6H5v-3H3v4c0 .55.45 1 1 1h8c.55 0 1-.45 1-1v-4h-2v3z"
                fillRule="evenodd"
              />
            </svg>
          </span>
        </button>
      </span>
    </span>
  </span>
</span>
`;

exports[`should render exporting 1`] = `
<span
  className="bp3-popover-wrapper"
>
  <span
    className="bp3-popover-target"
    onBlur={[Function]}
    onFocus={[Function]}
    onMouseEnter={[Function]}
    onMouseLeave={[Function]}
  >
    <span
      className="bp3-popover-wrapper popoverPos"
    >
      <span
        className="bp3-popover-target"
        onClick={[Function]}
      >
        <button
          aria-label="Print to PDF"
          className="mapboxgl-ctrl-icon"
          type="button"
        >
          <span
            className="bp3-icon bp3-icon-print"
            icon="print"
          >
            <svg
              data-icon="print"
              height={16}
              viewBox="0 0 16 16"
              width={16}
            >
              <desc>
                print
              </desc>
              <path
                d="M12 2.02c0-.55-.45-1-1-1H5c-.55 0-1 .45-1 1v1h8v-1zm3 2H1c-.55 0-1 .45-1 1v6c0 .55.45 1 1 1h1v-3h12v3h1c.55 0 1-.45 1-1v-6c0-.56-.45-1-1-1zm-1 3h-2v-1h2v1zm-3 6H5v-3H3v4c0 .55.45 1 1 1h8c.55 0 1-.45 1-1v-4h-2v3z"
                fillRule="evenodd"
              />
            </svg>
          </span>
        </button>
      </span>
    </span>
  </span>
</span>
`;
