// Jest Snapshot v1, https://goo.gl/fbAQLP

exports[`should render correctly 1`] = `
Array [
  <div
    className="bp3-card bp3-elevation-0 login-form"
  >
    <form>
      <div
        className="bp3-form-group"
      >
        <label
          className="bp3-label"
          htmlFor="login"
        >
          Email
           
          <span
            className="bp3-text-muted"
          >
            required
          </span>
        </label>
        <div
          className="bp3-form-content"
        >
          <div
            className="bp3-input-group"
          >
            <input
              autoComplete="username"
              className="bp3-input"
              id="login"
              placeholder="Email"
              style={
                Object {
                  "paddingLeft": undefined,
                  "paddingRight": undefined,
                }
              }
              type="email"
            />
          </div>
          <div
            className="bp3-form-helper-text"
          >
            Type your email
          </div>
        </div>
      </div>
      <div
        className="bp3-form-group"
      >
        <label
          className="bp3-label"
          htmlFor="password"
        >
          Password
           
          <span
            className="bp3-text-muted"
          >
            required
          </span>
        </label>
        <div
          className="bp3-form-content"
        >
          <div
            className="bp3-input-group"
          >
            <input
              autoComplete="current-password"
              className="bp3-input"
              id="password"
              placeholder="Password"
              style={
                Object {
                  "paddingLeft": undefined,
                  "paddingRight": undefined,
                }
              }
              type="password"
            />
          </div>
          <div
            className="bp3-form-helper-text"
          >
            Type your password
          </div>
        </div>
      </div>
      <div
        className="login-form__actions"
      >
        <button
          className="bp3-button"
          onKeyDown={[Function]}
          onKeyUp={[Function]}
          type="submit"
        >
          <span
            className="bp3-button-text"
          >
            Signin
          </span>
        </button>
      </div>
    </form>
  </div>,
  <div
    className="bp3-card bp3-elevation-0 login-form"
  >
    <div
      className="bp3-callout bp3-intent-danger bp3-callout-icon login-form__callout"
    >
      <span
        className="bp3-icon bp3-icon-error"
        icon="error"
      >
        <svg
          data-icon="error"
          height={20}
          viewBox="0 0 20 20"
          width={20}
        >
          <desc>
            error
          </desc>
          <path
            d="M10 0C4.48 0 0 4.48 0 10s4.48 10 10 10 10-4.48 10-10S15.52 0 10 0zm1 16H9v-2h2v2zm0-3H9V4h2v9z"
            fillRule="evenodd"
          />
        </svg>
      </span>
      Invalid credentials
    </div>
    <form>
      <div
        className="bp3-form-group"
      >
        <label
          className="bp3-label"
          htmlFor="login"
        >
          Email
           
          <span
            className="bp3-text-muted"
          >
            required
          </span>
        </label>
        <div
          className="bp3-form-content"
        >
          <div
            className="bp3-input-group"
          >
            <input
              autoComplete="username"
              className="bp3-input"
              id="login"
              placeholder="Email"
              style={
                Object {
                  "paddingLeft": undefined,
                  "paddingRight": undefined,
                }
              }
              type="email"
            />
          </div>
          <div
            className="bp3-form-helper-text"
          >
            Type your email
          </div>
        </div>
      </div>
      <div
        className="bp3-form-group"
      >
        <label
          className="bp3-label"
          htmlFor="password"
        >
          Password
           
          <span
            className="bp3-text-muted"
          >
            required
          </span>
        </label>
        <div
          className="bp3-form-content"
        >
          <div
            className="bp3-input-group"
          >
            <input
              autoComplete="current-password"
              className="bp3-input"
              id="password"
              placeholder="Password"
              style={
                Object {
                  "paddingLeft": undefined,
                  "paddingRight": undefined,
                }
              }
              type="password"
            />
          </div>
          <div
            className="bp3-form-helper-text"
          >
            Type your password
          </div>
        </div>
      </div>
      <div
        className="login-form__actions"
      >
        <button
          className="bp3-button"
          onKeyDown={[Function]}
          onKeyUp={[Function]}
          type="submit"
        >
          <span
            className="bp3-button-text"
          >
            Signin
          </span>
        </button>
      </div>
    </form>
  </div>,
]
`;
