// Jest Snapshot v1, https://goo.gl/fbAQLP

exports[`should render 1`] = `
<div
  className="control-container"
>
  <p
    className="control-label"
  >
    My range
  </p>
  <p>
    BPDateRangeInput
  </p>
</div>
`;

exports[`should render loading 1`] = `
<div
  className="control-container"
>
  <p
    className="control-label"
  >
    Pwout
  </p>
  <div
    className="bp3-spinner"
  >
    <div
      className="bp3-spinner-animation"
    >
      <svg
        height={20}
        strokeWidth="16.00"
        viewBox="-3.00 -3.00 106.00 106.00"
        width={20}
      >
        <path
          className="bp3-spinner-track"
          d="M 50,50 m 0,-45 a 45,45 0 1 1 0,90 a 45,45 0 1 1 0,-90"
        />
        <path
          className="bp3-spinner-head"
          d="M 50,50 m 0,-45 a 45,45 0 1 1 0,90 a 45,45 0 1 1 0,-90"
          pathLength={280}
          strokeDasharray="280 280"
          strokeDashoffset={210}
        />
      </svg>
    </div>
  </div>
</div>
`;
