// Jest Snapshot v1, https://goo.gl/fbAQLP

exports[`should render correctly as range slider 1`] = `
<div
  className="control-container control--range range"
>
  <p
    className="control-label"
  >
    My range
  </p>
  <p>
    Range
  </p>
</div>
`;

exports[`should render correctly as two inputs 1`] = `
<div
  className="control-container control--range range"
>
  <p
    className="control-label"
  >
    My range
  </p>
  <div
    className="control--range__numeric"
  >
    <div>
      <p>
        Numeric input
      </p>
    </div>
    <div>
      <p>
        Numeric input
      </p>
    </div>
  </div>
</div>
`;

exports[`should render correctly loading 1`] = `
<div
  className="control-container control--range range"
>
  <p
    className="control-label"
  >
    Pwout
  </p>
  <p>
    Spinner
  </p>
</div>
`;
