// Jest Snapshot v1, https://goo.gl/fbAQLP

exports[`should render correctly 1`] = `
<div
  id="overlay"
>
  <div
    id="card"
  >
    <h1 />
    reportform
  </div>
</div>
`;
