// Jest Snapshot v1, https://goo.gl/fbAQLP

exports[`should render 1`] = `
<DocumentFragment>
  <div
    class="storytelling"
  >
    <div
      class="storytelling__content"
    >
      <h2>
        Slide 1
      </h2>
      <div>
        
  
        <p>
          
    Content 1
  
        </p>
        

      </div>
    </div>
    <div
      class="storytelling__buttons"
    >
      <button
        class="bp3-button bp3-large bp3-intent-primary"
        type="button"
      >
        <span
          class="bp3-button-text"
        >
          Start
        </span>
        <span
          class="bp3-icon bp3-icon-chevron-right"
          icon="chevron-right"
        >
          <svg
            data-icon="chevron-right"
            height="16"
            viewBox="0 0 16 16"
            width="16"
          >
            <desc>
              chevron-right
            </desc>
            <path
              d="M10.71 7.29l-4-4a1.003 1.003 0 00-1.42 1.42L8.59 8 5.3 11.29c-.19.18-.3.43-.3.71a1.003 1.003 0 001.71.71l4-4c.18-.18.29-.43.29-.71 0-.28-.11-.53-.29-.71z"
              fill-rule="evenodd"
            />
          </svg>
        </span>
      </button>
    </div>
  </div>
</DocumentFragment>
`;
