// Jest Snapshot v1, https://goo.gl/fbAQLP

exports[`should render correctly with widget 1`] = `
Array [
  <div
    className="layerstree-node-content__options layerstree-node-content__options--mobile"
  >
    <p>
      FiltersPanel
    </p>
    <button
      alt="open options"
      className="bp3-button bp3-minimal btn-option layerstree-node-content__options__button layerstree-node-content__options__button--more"
      onKeyDown={[Function]}
      onKeyUp={[Function]}
      title="options"
      type="button"
    >
      <span
        className="bp3-icon bp3-icon-more"
        icon="more"
      >
        <svg
          data-icon="more"
          height={16}
          viewBox="0 0 16 16"
          width={16}
        >
          <desc>
            more
          </desc>
          <path
            d="M2 6.03a2 2 0 100 4 2 2 0 100-4zM14 6.03a2 2 0 100 4 2 2 0 100-4zM8 6.03a2 2 0 100 4 2 2 0 100-4z"
            fillRule="evenodd"
          />
        </svg>
      </span>
      <span
        className="bp3-button-text"
      >
        options
      </span>
    </button>
  </div>,
  <div
    className="layerstree-node-content__options layerstree-node-content__options--mobile"
  >
    <button
      alt="close widget"
      className="bp3-button bp3-minimal btn-widget layerstree-node-content__options__button layerstree-node-content__options__button--active"
      onClick={null}
      onKeyDown={[Function]}
      onKeyUp={[Function]}
      title="widget"
      type="button"
    >
      <span
        className="bp3-icon bp3-icon-selection"
        icon="selection"
      >
        <svg
          data-icon="selection"
          height={16}
          viewBox="0 0 16 16"
          width={16}
        >
          <desc>
            selection
          </desc>
          <path
            d="M8 0C3.58 0 0 3.58 0 8s3.58 8 8 8 8-3.58 8-8-3.58-8-8-8zm0 14c-3.31 0-6-2.69-6-6s2.69-6 6-6 6 2.69 6 6-2.69 6-6 6zm0-9C6.34 5 5 6.34 5 8s1.34 3 3 3 3-1.34 3-3-1.34-3-3-3z"
            fillRule="evenodd"
          />
        </svg>
      </span>
      <span
        className="bp3-button-text"
      >
        foo
      </span>
    </button>
    <p>
      FiltersPanel
    </p>
    <button
      alt="close options"
      className="bp3-button bp3-minimal btn-option layerstree-node-content__options__button layerstree-node-content__options__button--more layerstree-node-content__options__button--active"
      onKeyDown={[Function]}
      onKeyUp={[Function]}
      title="options"
      type="button"
    >
      <span
        className="bp3-icon bp3-icon-more"
        icon="more"
      >
        <svg
          data-icon="more"
          height={16}
          viewBox="0 0 16 16"
          width={16}
        >
          <desc>
            more
          </desc>
          <path
            d="M2 6.03a2 2 0 100 4 2 2 0 100-4zM14 6.03a2 2 0 100 4 2 2 0 100-4zM8 6.03a2 2 0 100 4 2 2 0 100-4z"
            fillRule="evenodd"
          />
        </svg>
      </span>
      <span
        className="bp3-button-text"
      >
        options
      </span>
    </button>
  </div>,
]
`;
